test_A086_environment_is_branch_preview_only (test_installer.ConnectorTests.test_A086_environment_is_branch_preview_only) ... ok
test_A090_cannot_overwrite_legacy_environment (test_installer.ConnectorTests.test_A090_cannot_overwrite_legacy_environment) ... ok
test_A091_firebase_setup_keeps_project_through_operations_and_identity (test_installer.ConnectorTests.test_A091_firebase_setup_keeps_project_through_operations_and_identity) ... ok
test_A092_firebase_rejection_cannot_change_vercel_environment (test_installer.ConnectorTests.test_A092_firebase_rejection_cannot_change_vercel_environment) ... ok
test_A092_google_error_redacts_credentials_and_handles_non_json (test_installer.ConnectorTests.test_A092_google_error_redacts_credentials_and_handles_non_json) ... ok
test_A092_google_rejection_retains_reason_and_selected_quota_project (test_installer.ConnectorTests.test_A092_google_rejection_retains_reason_and_selected_quota_project) ... ok
test_A092_missing_flag_only_accepts_google_404 (test_installer.ConnectorTests.test_A092_missing_flag_only_accepts_google_404) ... ok
test_A092_partial_environment_not_ready (test_installer.ConnectorTests.test_A092_partial_environment_not_ready) ... ok
test_A093_connector_update_reuses_worker_only_for_allowed_changes (test_installer.ConnectorTests.test_A093_connector_update_reuses_worker_only_for_allowed_changes) ...
GCP: gcp
Vercel: site
Rama: main
Destino: tu página habitual
Conector actualizado; se conserva el ensamblador instalado.
ok
test_A093_worker_or_site_changes_still_require_installation (test_installer.ConnectorTests.test_A093_worker_or_site_changes_still_require_installation) ... ok
test_U003_connect_targets_main_and_existing_production_alias (test_installer.ConnectorTests.test_U003_connect_targets_main_and_existing_production_alias) ... ok
test_U003_production_variables_do_not_use_preview_branch_scope (test_installer.ConnectorTests.test_U003_production_variables_do_not_use_preview_branch_scope) ... ok
test_U003_reconnection_cannot_publish_an_outdated_worker_commit (test_installer.ConnectorTests.test_U003_reconnection_cannot_publish_an_outdated_worker_commit) ... ok
test_U003_wrong_production_branch_stops_before_configuration (test_installer.ConnectorTests.test_U003_wrong_production_branch_stops_before_configuration) ... ok
test_A082_builder_isolated_from_runtime_identity (test_installer.InstallerTests.test_A082_builder_isolated_from_runtime_identity) ... ok
test_A087_launcher (test_installer.InstallerTests.test_A087_launcher) ... ok
test_A089_connection_failure_restores_old_worker (test_installer.InstallerTests.test_A089_connection_failure_restores_old_worker) ... ok
test_A089_failed_health_cannot_rollback (test_installer.InstallerTests.test_A089_failed_health_cannot_rollback) ... ok
test_A089_rollback_restores_old_revision_pointer (test_installer.InstallerTests.test_A089_rollback_restores_old_revision_pointer) ... ok
test_A090_old_installers_unchanged (test_installer.InstallerTests.test_A090_old_installers_unchanged) ... ok
test_A090_refuses_foreign_bucket (test_installer.InstallerTests.test_A090_refuses_foreign_bucket) ... ok
test_A090_refuses_unowned_namespace (test_installer.InstallerTests.test_A090_refuses_unowned_namespace) ... ok
test_A092_authorized_api_enable_precedes_namespace_queries (test_installer.InstallerTests.test_A092_authorized_api_enable_precedes_namespace_queries) ...
GCP: gcp
Vercel: site
Rama: main
Destino: tu página habitual
Cortos en tu página: https://site.vercel.app/cortos/
Verifica Entrar con Google desde el iPhone. Las pruebas con modelos requieren autorización. No se generó contenido.

GCP: gcp
Vercel: site
Rama: main
Destino: tu página habitual
Cortos en tu página: https://site.vercel.app/cortos/
Verifica Entrar con Google desde el iPhone. Las pruebas con modelos requieren autorización. No se generó contenido.
Se restauró el montador anterior tras el fallo de actualización/conexión.
Versión anterior restaurada; datos y aprobaciones intactos.

Cuenta: account
Proyecto: fixture
Destino: Cortos en tu página habitual
Región de infraestructura: us-central1
Commit: aaaaaaaaaaaaaaaaaaaaaaaaaaaaaaaaaaaaaaaa
Recursos aislados: bucket privado, base Firestore, cola, servicio, Job y cuentas de servicio de ejecución/build con sus permisos. Cloud Build, almacenamiento y render pueden generar cargos. No se pagarán modelos durante instalación.
Preparando los servicios de Google. Verás cada paso a continuación.
Activando: run…
Activando: cloudbuild…
Activando: artifactregistry…
Activando: storage…
Activando: firestore…
Activando: cloudtasks…
Activando: iam…
Activando: iamcredentials…
Activando: logging…
Activando: aiplatform…
Activando: texttospeech…
Activando: speech…
Activando: identitytoolkit…
Activando: firebase…
ok
test_A092_google_diagnostic_redacts_credentials (test_installer.InstallerTests.test_A092_google_diagnostic_redacts_credentials) ... ok
test_A092_google_noninteractive_preserves_vercel_browser_login (test_installer.InstallerTests.test_A092_google_noninteractive_preserves_vercel_browser_login) ... ok
test_A092_google_timeout_does_not_repeat_uncertain_change (test_installer.InstallerTests.test_A092_google_timeout_does_not_repeat_uncertain_change) ... ok
test_A092_permission_failure_is_not_an_absent_resource (test_installer.InstallerTests.test_A092_permission_failure_is_not_an_absent_resource) ... Comprobando: ensamblador…
ok
test_A092_read_timeout_stops_namespace_checks (test_installer.InstallerTests.test_A092_read_timeout_stops_namespace_checks) ... Comprobando: ensamblador…
ok
test_A092_resource_check_cannot_wait_for_hidden_input (test_installer.InstallerTests.test_A092_resource_check_cannot_wait_for_hidden_input) ... ok
test_A092_storage_failure_keeps_google_reason_without_retry (test_installer.InstallerTests.test_A092_storage_failure_keeps_google_reason_without_retry) ... ok
test_A094_cancel_before_infrastructure (test_installer.InstallerTests.test_A094_cancel_before_infrastructure) ... ok
test_U003_outdated_checkout_stops_before_cloud_changes (test_installer.InstallerTests.test_U003_outdated_checkout_stops_before_cloud_changes) ... ok

----------------------------------------------------------------------
Ran 32 tests in 0.077s

OK

Cuenta: account
Proyecto: project
Destino: Cortos en tu página habitual
Región de infraestructura: us-central1
Commit: aaaaaaaaaaaaaaaaaaaaaaaaaaaaaaaaaaaaaaaa
Recursos aislados: bucket privado, base Firestore, cola, servicio, Job y cuentas de servicio de ejecución/build con sus permisos. Cloud Build, almacenamiento y render pueden generar cargos. No se pagarán modelos durante instalación.
